[stratetab.com/index.html]
[backblue.gif]
[fade.gif]
[index.html]
[stratetab.com/img/favicon.ico]
[cdnjs.cloudflare.com/ajax/libs/font-awesome/5.10.0/css/all.min.css]
[cdn.jsdelivr.net/npm/bootstrap-icons@1.4.1/font/bootstrap-icons.css]
[stratetab.com/img/exlogo.png]
[stratetab.com/img/bg.mp4]
[stratetab.com/img/beard-worker-man-suit-construction-worker-safety-orange-helmet-against-dump-truck-with-hammer-adjustable-wrench-hand.jpg]
[stratetab.com/img/heavy-excavator-digging-day-light.jpg]
[stratetab.com/img/one.jpg]
[stratetab.com/img/marks-01-service.jpg]
[stratetab.com/img/marks-020service.jpg]
[stratetab.com/img/marks-04-service.jpg]
[stratetab.com/img/marks-03-service.jpg]
[stratetab.com/img/portfolio/278482868_1054908718436897_2063999512067642333_n.jpg]
[stratetab.com/img/portfolio/279691280_360516522779093_5665072169747387484_n.jpg]
[stratetab.com/img/portfolio/279772881_521651262936718_2833260838358859740_n.jpg]
[stratetab.com/img/portfolio/279791579_735392490935664_6831316156536610045_n.jpg]
[stratetab.com/img/portfolio/286106519_450003226944166_5133261316875084368_n.jpg]
[stratetab.com/img/portfolio/286477611_753126896126550_6860977548268831602_n.jpg]
[stratetab.com/img/portfolio/286850139_762781968048466_1723154256560762529_n.jpg]
[stratetab.com/img/portfolio/286905741_325396526428080_4602665577027658028_n.jpg]
[stratetab.com/img/portfolio/287011543_118407627546798_1377556103821582555_n.jpg]
[stratetab.com/img/testimonial-1.jpg]
[stratetab.com/img/testimonial-2.jpg]
[stratetab.com/img/testimonial-3.jpg]
[stratetab.com/img/cta/google-review.png]
[stratetab.com/img/cta/view-google-reviews.png]
[stratetab.com/img/cta/view-fb-reviews.png]
[code.jquery.com/jquery-3.4.1.min.js]
[cdn.jsdelivr.net/npm/bootstrap@5.0.0/dist/js/bootstrap.bundle.min.js]
[stratetab.com/lib/wow/wow.min.js]
[stratetab.com/lib/easing/easing.min.js]
[stratetab.com/lib/waypoints/waypoints.min.js]
[stratetab.com/lib/owlcarousel/owl.carousel.min.js]
[stratetab.com/lib/counterup/counterup.min.js]
[stratetab.com/js/main.js]
[stratetab.com/index.html]
[stratetab.com/img/favicon.html]
[cdnjs.cloudflare.com/ajax/libs/font-awesome/5.10.0/css/all.min.css]
[cdn.jsdelivr.net/npm/bootstrap-icons@1.4.1/font/fonts/bootstrap-iconsfb95.woff2]
[cdn.jsdelivr.net/npm/bootstrap-icons@1.4.1/font/fonts/bootstrap-iconsfb95.woff]
[cdn.jsdelivr.net/npm/bootstrap-icons@1.4.1/font/bootstrap-icons.css]
[stratetab.com/lib/animate/animate.min.css]
[stratetab.com/lib/owlcarousel/assets/owl.video.play.png]
[stratetab.com/lib/owlcarousel/assets/owl.carousel.min.css]
[stratetab.com/css/bootstrap.min.css]
[stratetab.com/img/carousel-2.jpg]
[stratetab.com/css/style.css]
